[devman-react.vercel.app/index.html]
[backblue.gif]
[fade.gif]
[index.html]
[devman-react.vercel.app/_next/static/css/d9a719a6c2bf0dbf.css]
[devman-react.vercel.app/_next/static/chunks/polyfills-0d1b80a048d4787e.js]
[devman-react.vercel.app/_next/static/chunks/webpack-17062e81cb88790f.js]
[devman-react.vercel.app/_next/static/chunks/framework-7dc8a65f4a0cda33.js]
[devman-react.vercel.app/_next/static/chunks/main-25e5079ab4bd6ecd.js]
[devman-react.vercel.app/_next/static/chunks/pages/_app-4a09cd1a90ca64b6.js]
[devman-react.vercel.app/_next/static/chunks/616-d93be54d01b2119d.js]
[devman-react.vercel.app/_next/static/chunks/920-b7b087cecbea745e.js]
[devman-react.vercel.app/_next/static/chunks/pages/index-1dd8114908adfe56.js]
[devman-react.vercel.app/_next/static/60ppUiWquDGIrn_FP-8vN/_buildManifest.js]
[devman-react.vercel.app/_next/static/60ppUiWquDGIrn_FP-8vN/_ssgManifest.js]
[devman-react.vercel.app/img/logo/dark.png]
[devman-react.vercel.app/img/cv/1.jpg]
[devman-react.vercel.app/img/logo/logo.png]
[devman-react.vercel.app/img/hero/1.jpg]
[devman-react.vercel.app/img/thumbs/53-61.jpg]
[devman-react.vercel.app/img/hero/2.jpg]
[devman-react.vercel.app/img/svg/award.svg]
[devman-react.vercel.app/img/hero/circle.png]
[devman-react.vercel.app/img/svg/design.svg]
[devman-react.vercel.app/img/svg/development.svg]
[devman-react.vercel.app/img/svg/landing.svg]
[devman-react.vercel.app/img/thumbs/64-49.jpg]
[devman-react.vercel.app/img/about/1.jpg]
[devman-react.vercel.app/img/thumbs/1-1.jpg]
[devman-react.vercel.app/img/about/2.jpg]
[devman-react.vercel.app/img/svg/joomla.svg]
[devman-react.vercel.app/img/svg/wp.svg]
[devman-react.vercel.app/img/svg/drupal.svg]
[devman-react.vercel.app/img/svg/laravel.svg]
[devman-react.vercel.app/img/thumbs/4-2.jpg]
[devman-react.vercel.app/_img/portfolio/4.1f.delayed]
[devman-react.vercel.app/img/service/1.jpg]
[devman-react.vercel.app/img/service/2.jpg]
[devman-react.vercel.app/img/service/3.jpg]
[devman-react.vercel.app/img/portfolio/1.jpg]
[devman-react.vercel.app/img/portfolio/2.jpg]
[devman-react.vercel.app/img/portfolio/3.jpg]
[devman-react.vercel.app/img/portfolio/4.jpg]
[devman-react.vercel.app/undefined.27.delayed]
[devman-react.vercel.app/img/svg/cpu.svg]
[devman-react.vercel.app/img/svg/phone.svg]
[devman-react.vercel.app/img/svg/web.svg]
[devman-react.vercel.app/img/svg/star.svg]
[devman-react.vercel.app/img/partners/dark/1.png]
[devman-react.vercel.app/img/partners/dark/2.png]
[devman-react.vercel.app/img/partners/dark/3.png]
[devman-react.vercel.app/img/partners/dark/4.png]
[devman-react.vercel.app/img/partners/dark/5.png]
[devman-react.vercel.app/img/partners/dark/6.png]
[devman-react.vercel.app/img/partners/dark/7.png]
[devman-react.vercel.app/img/partners/dark/8.png]
[devman-react.vercel.app/img/thumbs/42-29.jpg]
[devman-react.vercel.app/img/news/1.jpg]
[devman-react.vercel.app/img/news/2.jpg]
[devman-react.vercel.app/img/news/3.jpg]
[devman-react.vercel.app/index.html]
[devman-react.vercel.app/_next/static/media/fontello.194611a3.eot]
[devman-react.vercel.app/_next/static/media/fontello.06d9b37e.woff2]
[devman-react.vercel.app/_next/static/media/fontello.78efd270.woff]
[devman-react.vercel.app/_next/static/media/fontello.7db1b894.ttf]
[devman-react.vercel.app/_next/static/css/d9a719a6c2bf0dbf.css]
[devman-react.vercel.app/img/svg/award.svg]
[devman-react.vercel.app/img/svg/design.svg]
[devman-react.vercel.app/img/svg/development.svg]
[devman-react.vercel.app/img/svg/landing.svg]
[devman-react.vercel.app/img/svg/joomla.svg]
[devman-react.vercel.app/img/svg/wp.svg]
[devman-react.vercel.app/img/svg/drupal.svg]
[devman-react.vercel.app/img/svg/laravel.svg]
[devman-react.vercel.app/_img/portfolio/404]
[devman-react.vercel.app/404]
[devman-react.vercel.app/img/svg/cpu.svg]
[devman-react.vercel.app/img/svg/phone.svg]
[devman-react.vercel.app/img/svg/web.svg]
[devman-react.vercel.app/img/svg/star.svg]
[devman-react.vercel.app/_next/static/media/fontello.eae6555b.svg]
[devman-react.vercel.app/_next/static/media/fontello.eae6555b.svg]
